------------------------------------------------------------------------------------------------------------------------------------------------------
      name:  <unnamed>
       log:  \\wsl.localhost\Debian\home\lsys\neutrality\analysis\logs/figureD2-estimates.smcl
  log type:  smcl
 opened on:   2 Dec 2025, 12:27:08

. 
. do ./init.do

. cls                                     // Clear results window

. clear all               // Start with a clean slate

. set more off, perm      // Disable partitioned output
(set more preference recorded)

. macro drop _all         // Clear all macros to avoid namespace conflicts

. set linesize 150        // Line size limit to make output more readable, affects logs

. set varabbrev off, perm // Turn off variable abbreviation
(set varabbrev preference recorded)

. // pause on                // Enable pause mode for debugging
. version 13.1            // Set Stata version to 13.1

. set matsize 10000

. 
. *==============================================================================
. // Set root path
. // cap net install here, from("https://raw.githubusercontent.com/korenmiklos/here/master/")
. cap here

. if _rc == 0 {
.         here, set
.         cd ${here}
. }

. else {
.         global here "\\wsl.localhost\Debian\home\lsys\neutrality\analysis"
.         cd $here
\\wsl.localhost\Debian\home\lsys\neutrality\analysis
. }

. 
. *==============================================================================
. // Point to ado programs
. adopath ++ ./ado
  [1]              "./ado"
  [2]  (BASE)      "C:\Program Files (x86)\Stata13\ado\base/"
  [3]  (SITE)      "C:\Program Files (x86)\Stata13\ado\site/"
  [4]              "."
  [5]  (PERSONAL)  "c:\ado\personal/"
  [6]  (PLUS)      "c:\ado\plus/"
  [7]  (OLDPLACE)  "c:\ado/"

. 
. use "../pipeline/out/media.dta", clear

. do preamble

. *-----------------------------------------------------------------------
. * IDENTIFIERS AND METADATA
. *-----------------------------------------------------------------------
. label var qid         "Quote ID"

. label var article_id  "News article ID (title-date tuple)"

. label var speech_id   "Speech ID"

. 
. label var date        "Publication date"

. label var matched_date "Matched speech date"

. label var matched_score "Matched score in semi-automated assessing"

. 
. label var mp          "MP ID"

. label var party       "Party of politician (string code)"

. label var opposition  "=1 if from an opposition party"

. gen ruling = (party == "pap")

. label var ruling  "=1 if from the government party"

. label var non_partisan "=1 if non-partisan MP"

. assert (1 == opposition + ruling + non_partisan)

. label var speaker     "=1 if making speech in capacity of speaker"

. 
. label var section     "Original article section"

. 
. *======================================================================
. * MP CAREER
. *======================================================================
. label var start "Start date of MP's parliamentary service"

. rename _end end

. label var end   "End date of MP's parliamentary service"

. 
. *--- Rank of MP --------------------------------------------------------
. label define rank_label ///
>     1 "pm" 2 "dpm" 3 "minister" 4 "sms" 5 "mos" 6 "mayor" 7 "sps" ///
>     8 "parl sec" 9 "speaker" 10 "mp" 11 "ncmp" 12 "nmp"

. encode rank, gen(mp_rank) label(rank_label)

. drop rank

. rename mp_rank rank

. label var rank "Rank of MP at time of speech"

. fvset base 10 rank   // base: Member of Parliament

. 
. *--- Tenunre -----------------------------------------------------------
. gen _tenure = tenure / 365

. drop tenure

. rename _tenure tenure

. label var tenure "Seniority of politician at time of speech (years)"

. 
. gen tenure2 = tenure^2

. label var tenure2 "Square of tenure"

. 
. *======================================================================
. * INDIVIDUAL DEMOGRAPHICS
. *======================================================================
. label var dob   "Date of birth of MP"

. label var yob   "Year of birth of MP"

. 
. *--- Gender (0 = male, 1 = female) ------------------------------------
. label define gender_label 0 "male" 1 "female"

. encode gender, gen(sex) label(gender_label)

. drop gender

. rename sex gender

. fvset base 0 gender

. label var gender "Gender of politician"

. 
. *--- Race --------------------------------------------------------------
. label define race_label 0 "chinese" 1 "malay" 2 "indian" 3 "eurasian"

. encode race, gen(ethnic) label(race_label)

. drop race

. rename ethnic race

. fvset base 0 race

. label var race "Race of politician (Chinese, Malay, Indian, Eurasian/other)"

. 
. *--- Age ---------------------------------------------------------------
. gen _age = age / 365

. drop age

. rename _age age

. label var age "Age of politician at time of speech (years)"

. 
. gen age2    = age^2

. label var age2 "Square of age"

. 
. *======================================================================
. * MINISTRY
. *======================================================================
. label var MND    "=1 if speech made while at Ministry of National Development"

. label var MinDef "=1 if speech made while at Ministry of Defence"

. label var MFA    "=1 if speech made while at Ministry of Foreign Affairs"

. label var MinLaw "=1 if speech made while at Ministry of Law"

. label var MHA    "=1 if speech made while at Ministry of Home Affairs"

. label var MOT    "=1 if speech made while at Ministry of Transport"

. label var MOF    "=1 if speech made while at Ministry of Finance"

. label var MOM    "=1 if speech made while at Ministry of Manpower"

. label var MTI    "=1 if speech made while at Ministry of Trade and Industry"

. label var MCCY   "=1 if speech made while at Ministry of Culture, Community and Youth"

. label var MSF    "=1 if speech made while at Ministry of Social and Family Development"

. label var MOH    "=1 if speech made while at Ministry of Health"

. label var PMO    "=1 if speech made while at Prime Minister's Office"

. label var MEWR   "=1 if speech made while at Ministry of the Environment and Water Resources"

. label var MCI    "=1 if speech made while at Ministry of Communications and Information"

. label var MOE    "=1 if speech made while at Ministry of Education"

. 
. recode MFA PMO MEWR MCI MTI MHA MCCY MinLaw MOH MOM MinDef MSF MOT MND MOF MOE (. = 0)
(MFA: 13913 changes made)
(PMO: 14288 changes made)
(MEWR: 14348 changes made)
(MCI: 14173 changes made)
(MTI: 14135 changes made)
(MHA: 13392 changes made)
(MCCY: 14301 changes made)
(MinLaw: 13971 changes made)
(MOH: 14054 changes made)
(MOM: 14058 changes made)
(MinDef: 13790 changes made)
(MSF: 14693 changes made)
(MOT: 13884 changes made)
(MND: 13741 changes made)
(MOF: 13401 changes made)
(MOE: 13792 changes made)

. 
. *======================================================================
. * STRING SIMILARITY AND SEMANTIC MATCHING
. *======================================================================
. 
. *--- String similarity 1 (partialscore) -------------------------------
. rename partialscore_quote_to_fullspeech  ss1_quote_to_speech

. label var ss1_quote_to_speech            "String similarity score 1 for quote to speech"

. 
. rename partialscore_quote_to_paragraph   ss1_quote_to_paragraph

. label var ss1_quote_to_paragraph         "String similarity score 1 for quote to paragraph"

. 
. rename partialscore_quote_to_sentence    ss1_quote_to_sentence

. label var ss1_quote_to_sentence          "String similarity score 1 for quote to sentence"

. 
. rename _partialscore_speech              _ss1_quote_to_speech

. label var _ss1_quote_to_speech           "(no stopwords) string similarity score 1 for quote to speech"

. 
. rename _partialscore_paragraph           _ss1_quote_to_paragraph

. label var _ss1_quote_to_paragraph        "(no stopwords) string similarity score 1 for quote to paragraph"

. 
. rename _partialscore_sentence            _ss1_quote_to_sentence

. label var _ss1_quote_to_sentence         "(no stopwords) string similarity score 1 for quote to sentence"

. 
. *--- String similarity 2 (tokensetscore) ------------------------------
. rename tokensetscore_quote_to_sentence   ss2_quote_to_sentence

. label var ss2_quote_to_sentence          "String similarity score 2 for quote to sentence"

. 
. rename tokensetscore_quote_to_paragraph  ss2_quote_to_paragraph

. label var ss2_quote_to_paragraph         "String similarity score 2 for quote to paragraph"

. 
. rename tokensetscore_quote_to_fullspeec  ss2_quote_to_speech

. label var ss2_quote_to_speech            "String similarity score 2 for quote to speech"

. 
. rename tokensetscore_quote_to_sentence_  _ss2_quote_to_sentence

. label var _ss2_quote_to_sentence         "(no stopwords) string similarity score 2 for quote to sentence"

. 
. rename _0tokensetscore_quote_to_paragra  _ss2_quote_to_paragraph

. label var _ss2_quote_to_paragraph        "(no stopwords) string similarity score 2 for quote to paragraph"

. 
. rename _1tokensetscore_quote_to_fullspe  _ss2_quote_to_speech

. label var _ss2_quote_to_speech           "(no stopwords) string similarity score 2 for quote to speech"

. 
. *--- Semantic matching scores -----------------------------------------
. replace ce_max_quote2speech = 100 * ce_max_quote2speech
(14903 real changes made)

. label var be_max_quote2speech "Best embedding-based biencoder score for quote to speech"

. label var ce_max_quote2speech "Cross-encoder semantic score for quote to speech (0-100)"

. 
. *======================================================================
. * CONSTITUENCY AND ELECTORAL VARIABLES
. *======================================================================
. rename num group_size

. label var group_size             "Politician size of constituency (1 to 6)"

. 
. label var voters                 "Electoral size of constituency for current parliament"

. label var valid_votes            "Number of valid votes in constituency"

. label var winners_majority       "Number of votes for winning party/candidate"

. label var vote                   "Number of votes for current parliament"

. label var vote_share             "Percentage of votes for current parliament"

. label var winners_majority_share "Winners' majority share (percent of valid votes)"

. label var swing                  "Electoral swing in ruling party vote share (percentage points)"

. 
. *======================================================================
. * PARLIAMENT, YEAR, ELECTION TIMING, WEEKDAY
. *======================================================================
. *--- Parliament life: dummies + factor ---------------------------------
. label var parl10 "=1 if speech occurred in 10th Parliament"

. label var parl11 "=1 if speech occurred in 11th Parliament"

. label var parl12 "=1 if speech occurred in 12th Parliament"

. label var parl13 "=1 if speech occurred in 13th Parliament"

. 
. label define parl_label 0 "10th parliament" 1 "11th parliament" 2 "12th parliament" 3 "13th parliament"

. encode parl, gen(parliament) label(parl_label)

. drop parl

. rename parliament parl

. fvset base 0 parl

. label var parl "Parliament life (categorical)"

. 
. *======================================================================
. * ELECTION TIMING INDICATORS
. *======================================================================
. *--- General elections -------------------------------------------------
. label var ge2006       "=1 if article published in year of General Election 2006"

. label var ge2011       "=1 if article published in year of General Election 2011"

. label var ge2015       "=1 if article published in year of General Election 2015"

. 
. label var ge2006_1mth  "=1 if article within 1 month of General Election 2006"

. label var ge2006_3mths "=1 if article within 3 months of General Election 2006"

. label var ge2006_6mths "=1 if article within 6 months of General Election 2006"

. 
. label var ge2011_1mth  "=1 if article within 1 month of General Election 2011"

. label var ge2011_3mths "=1 if article within 3 months of General Election 2011"

. label var ge2011_6mths "=1 if article within 6 months of General Election 2011"

. 
. label var ge2015_1mth  "=1 if article within 1 month of General Election 2015"

. label var ge2015_3mths "=1 if article within 3 months of General Election 2015"

. label var ge2015_6mths "=1 if article within 6 months of General Election 2015"

. 
. *--- By-elections ------------------------------------------------------
. label var be2012       "=1 if article published in year of By-election 2012"

. label var be2013       "=1 if article published in year of By-election 2013"

. label var be2016       "=1 if article published in year of By-election 2016"

. 
. label var be2012_1mth  "=1 if article within 1 month of By-election 2012"

. label var be2012_3mths "=1 if article within 3 months of By-election 2012"

. label var be2013_1mth  "=1 if article within 1 month of By-election 2013"

. label var be2013_3mths "=1 if article within 3 months of By-election 2013"

. label var be2016_1mth  "=1 if article within 1 month of By-election 2016"

. label var be2016_3mths "=1 if article within 3 months of By-election 2016"

. 
. *--- Presidential elections --------------------------------------------
. label var pe2005       "=1 if article published in year of Presidential Election 2005"

. label var pe2011       "=1 if article published in year of Presidential Election 2011"

. 
. label var pe2005_1mth  "=1 if article within 1 month of Presidential Election 2005"

. label var pe2005_3mths "=1 if article within 3 months of Presidential Election 2005"

. label var pe2005_6mths "=1 if article within 6 months of Presidential Election 2005"

. 
. label var pe2011_1mth  "=1 if article within 1 month of Presidential Election 2011"

. label var pe2011_3mths "=1 if article within 3 months of Presidential Election 2011"

. label var pe2011_6mths "=1 if article within 6 months of Presidential Election 2011"

. 
. *======================================================================
. * ARTICLE-LEVEL VARIABLES: SECTION, AUTHOR, LANGUAGE, BEAT
. *======================================================================
. * Encoded section with 'others' as base
. label define section2_label ///
>     1 "home" 2 "insight" 3 "money" 4 "news" 5 "opinion" 6 "others" ///
>     7 "prime news" 8 "review - insight" 9 "singapore" 10 "sports" ///
>     11 "st" 12 "think" 13 "top of the news" 14 "world"

. encode section2, gen(sect2) label(section2_label)

. drop section2

. rename sect2 section2

. fvset base 6 section2

. label var section2 "Section of article (base: others)"

. 
. * Language / translation flags
. label var malay        "=1 if quote is in Malay"

. label var mandarin     "=1 if quote is in Mandarin"

. label var tamil        "=1 if quote is in Tamil"

. label var vernacular   "=1 if quote is in a non-English vernacular language"

. label var translations "=1 if quote translated from vernacular to English"

. 
. * Author and beat
. rename author_cleaned2 authorID

. label var authorID "Author ID"

. 
. encode beat, gen(beat2)

. drop beat

. rename beat2 beat

. label var beat "Beat assignment of reporter"

. 
. *--- Weekday of publication -------------------------------------------
. label define weekday_label ///
>     1 "monday" 2 "tuesday" 3 "wednesday" 4 "thursday" 5 "friday" 6 "saturday" 7 "sunday"

. encode weekday, gen(dayofweek) label(weekday_label)

. drop weekday

. rename dayofweek weekday

. fvset base 1 weekday

. label var weekday "Day of week of article publication"

. 
. *======================================================================
. * TEXT LENGTH
. *======================================================================
. * Word counts
. rename wordcount_quote      quote

. label var quote             "Word count of quote"

. 
. rename wordcount_paragraph  paragraph

. label var paragraph         "Word count of paragraph"

. 
. rename wordcount_fullspeech speech

. label var speech            "Word count of full speech"

. 
. rename wordcount            article

. label var article           "Article length (words)"

. 
. * Character counts
. rename char_count_quote     quote_char

. label var quote_char        "Character count of quote"

. 
. rename char_count_paragraph paragraph_char

. label var paragraph_char    "Character count of paragraph"

. 
. rename char_count_fullspeech speech_char

. label var speech_char       "Character count of speech"

. 
. rename article_len_char     article_char

. label var article_char      "Article length (characters)"

. 
. * Log transformations
. #delimit ;
delimiter now ;
. global log_variables "
>     quote 
>     quote_char 
>     paragraph 
>     paragraph_char
>     speech
>     speech_char 
>     article
>     article_char
> ";

. #delimit cr
delimiter now cr
. 
. foreach var in $log_variables {
  2.     gen ln_`var' = ln(`var')
  3.     label var ln_`var' "ln of `var'"
  4. }
(2 missing values generated)
(2 missing values generated)

. 
. *======================================================================
. * TOPIC DISTRIBUTIONS
. *======================================================================
. 
. * 50-topic models: quote, speech, article
. forvalues i = 1/50 {
  2.     label var quote_50K_`i'   "Probability for topic `i'/50 for quote"
  3.     label var speech_50K_`i'  "Probability for topic `i'/50 for speech"
  4.     label var article_50K_`i' "Probability for topic `i'/50 for article"
  5. }

. 
. * 92-topic models: quote, speech, sentence
. forvalues i = 1/92 {
  2.     label var quote_92K_`i'    "Probability for topic `i'/92 for quote"
  3.     label var speech_92K_`i'   "Probability for topic `i'/92 for speech"
  4.     label var sentence_92K_`i' "Probability for topic `i'/92 for sentence"
  5. }

. 
. * 100-topic models: quote, speech
. forvalues i = 1/100 {
  2.     label var quote_100K_`i'  "Probability for topic `i'/100 for quote"
  3.     label var speech_100K_`i' "Probability for topic `i'/100 for speech"
  4. }

. 
. * Article-level topic models (30 and 40 topics)
. forvalues i = 1/30 {
  2.     label var article_30K_`i' "Probability for topic `i'/30 for article"
  3. }

. 
. forvalues i = 1/40 {
  2.     label var article_40K_`i' "Probability for topic `i'/40 for article"
  3. }

. 
. *======================================================================
. * LEXICAL RICHNESS
. *======================================================================
. label var ttr    "Type-token ratio"

. label var rttr   "Root type-token ratio"

. label var cttr   "Corrected type-token ratio"

. label var herdan "Herdan's C lexical diversity"

. label var summer "Summer lexical diversity index"

. label var dugast "Dugast lexical diversity index"

. label var maas   "Maas lexical diversity index"

. label var msttr  "Mean segmental type-token ratio"

. label var mattr  "Moving-average type-token ratio"

. label var mtld   "Measure of textual lexical diversity"

. label var hdd    "Hypergeometric distribution diversity"

. 
. *======================================================================
. * READABILITY
. *======================================================================
. label var dalechall     "Dale-Chall readability index"

. label var flesch        "Flesch reading easse score"

. label var fleschkincaid "Flesch-Kincaid grade level"

. label var gunningfog    "Gunning-Fog readability index"

. label var smog          "SMOG readability index"

. label var notdalechall  "Share of difficult words (not in Dale-Chall list)"

. label var polysyllable  "Number of polysyllabic words (more than 3 syllables)"

. label var syllables     "Total number of syllables"

. label var sentences     "Total number of sentences"

. 
. *======================================================================
. * SUBJECTIVITY, OBJECTIVITY, POLARITY
. *======================================================================
. * Subjectivity (0 = objective, 1 = subjective)
. gen speech_objectivity         = 1 - speech_subjectivity

. label var speech_subjectivity  "Speech subjectivity (0 objective - 1 subjective)"

. 
. gen para_objectivity           = 1 - para_subjectivity
(2 missing values generated)

. label var para_subjectivity    "Paragraph subjectivity (0-1)"

. 
. gen sentence_objectivity       = 1 - sentence_subjectivity
(2 missing values generated)

. label var sentence_subjectivity "Sentence subjectivity (0-1)"

. 
. gen quote_objectivity          = 1 - quote_subjectivity

. label var quote_subjectivity   "Quote subjectivity (0-1)"

. 
. gen quote_sentence_objectivity = 1 - quote_sentence_subjectivity
(1 missing value generated)

. label var quote_sentence_subjectivity "Quote sentence subjectivity (0-1)"

. 
. label var speech_objectivity         "Speech objectivity (0 objective - 1 subjective)"

. label var para_objectivity           "Paragraph objectivity (0-1)"

. label var sentence_objectivity       "Sentence objectivity (0-1)"

. label var quote_objectivity          "Quote objectivity (0-1)"

. label var quote_sentence_objectivity "Quote sentence objectivity (0-1)"

. 
. * Polarity (-1 = negative, +1 = positive)
. label var speech_polarity         "Speech polarity (-1 negative to +1 positive), PatternAnalyzer"

. label var para_polarity           "Paragraph polarity (-1 to +1), PatternAnalyzer"

. label var sentence_polarity       "Sentence polarity (-1 to +1), PatternAnalyzer"

. label var quote_polarity          "Quote polarity (-1 to +1), PatternAnalyzer"

. label var quote_sentence_polarity "Quote sentence polarity (-1 to +1), PatternAnalyzer"

. 
end of do-file

. 
. global TABSAVEDIR ../results/tables

. global FIGSAVEDIR ../results/figures

. global graphformats png pdf eps tif

. 
. 
. *==============================================================================
. * Global macros
. *==============================================================================
. #delimit;
delimiter now ;
. global time
>         i.parl
>         i.year
> ;

. global ind
>     i.gender
>     i.race
>     c.age
>     c.age2
>     c.tenure
>     c.tenure2
> ;

.     global article
>     i.weekday
>     i.section2
>     translations
> ;

.     global portfolio
>     MFA
>     PMO
>     MEWR
>     MCI
>     MTI
>     MHA
>     MCCY
>     MinLaw
>     MOH
>     MOM
>     MinDef
>     MSF
>     MOT
>     MND
>     MOF
>     MOE
>     speaker
> ;

.     global electoral
>     c.group_size
>     c.voters
>     c.vote_share
>     c.winners_majority_share
> ;

.     global topics
>     speech_92K*
>     quote_92K*
>     article_40K*
> ;

.     global objectivity
>     speech_objectivity
>     para_objectivity
>     sentence_objectivity
>     quote_objectivity
>     quote_sentence_objectivity
> ;

.     global polarity
>     speech_polarity
>     para_polarity
>     sentence_polarity
>     quote_polarity
>     quote_sentence_polarity
> ;

.     global readability
>     flesch
>     fleschkincaid
>     gunningfog
>     smog
>     dalechall
>     notdalechall
>     sentences
>     syllables
>     polysyllable
> ;

.     global lexical
>     ttr
>     rttr
>     cttr
>     herdan
>     summer
>     dugast
>     maas
>     msttr
>     mattr
>     mtld
>     hdd
> ;

.     global length_s
>     quote
>     speech
>     article
> ;

. global length_s
>     ln_quote
>     ln_speech
>     ln_article
> ;

. assert_macros "portfolio time ind article topics";
Checking portfolio:
portfolio contains: MFA     PMO     MEWR     MCI     MTI     MHA     MCCY     MinLaw     MOH     MOM     MinDef     MSF     MOT     MND     MOF     MO
> E     speaker
Checking time:
time contains: i.parl         i.year
Checking ind:
ind contains: i.gender     i.race     c.age     c.age2     c.tenure     c.tenure2
Checking article:
article contains: i.weekday     i.section2     translations
Checking topics:
topics contains: speech_92K*     quote_92K*     article_40K*

. global min
>     i.rank
>     $portfolio
>     i.rank#($portfolio)
>     ;

.     global base_controls
>     $time
>     $ind
>     $article
>     $topics
>     ;

.     global base_controls_min
>     $time
>     $ind
>     $article
>     $topics
>     $min
>     ;

. #delimit cr
delimiter now cr
. 
. *==============================================================================
. * COEFFICIENT LABELS
. *==============================================================================
. #delimit;
delimiter now ;
. global coeff_labels
>         "
>     1.opposition "Opposition"
>     1.opposition#c.trend "Opposition $\times$ Year"
>     trend "Year"
>         pc1_objectivity "Objectivity of speech and quote"
>         pc1_polarity "Polarity of speech and quote"
>         pc1_readability "Grade/readability score of speech transcipt"
>         pc1_lexical "Lexical richness of speech transcipt"
>     "
> ;

. #delimit cr
delimiter now cr
. 
end of do-file

. 
. tictoc tic 1
------------------------------------------------------------------------------------------------------------------------------------------------------
----------- Time log -----------
Start time:  2 Dec 2025 12:27:09
------------------------------------------------------------------------------------------------------------------------------------------------------

. 
. global outcome          ce_max_quote2speech

. global maintopics               speech_92K* quote_92K* article_40K*

. 
. assert_macros "length_s time ind article portfolio maintopics"
Checking length_s:
length_s contains: ln_quote     ln_speech     ln_article
Checking time:
time contains: i.parl         i.year
Checking ind:
ind contains: i.gender     i.race     c.age     c.age2     c.tenure     c.tenure2
Checking article:
article contains: i.weekday     i.section2     translations
Checking portfolio:
portfolio contains: MFA     PMO     MEWR     MCI     MTI     MHA     MCCY     MinLaw     MOH     MOM     MinDef     MSF     MOT     MND     MOF     MO
> E     speaker
Checking maintopics:
maintopics contains: speech_92K* quote_92K* article_40K*

. local SAVEPATH ./figureD2/specest-semantic

. 
. * main is full interaction of portfolio, but no electoral controls
. qui reg $outcome $time $length_s $maintopics $ind $article ($portfolio)##i.rank opposition, vce(cluster article_id)

. specchart opposition,spec(main $outcome time length topic ind article portfolio rank portfoliorank) file(`SAVEPATH') replace
(note: file C:\Users\Admin\AppData\Local\Temp\ST_1e000001.tmp not found)
file C:\Users\Admin\AppData\Local\Temp\ST_1e000001.tmp saved
(note: dataset contains 0 observations)
file ./figureD2/specest-semantic.dta saved
obs was 0, now 1
(1 real change made)
(1 real change made)
(1 real change made)
(1 real change made)
(1 real change made)
(1 real change made)
(1 real change made)
file ./figureD2/specest-semantic.dta saved

. 
. * Loop over accuracy type
. foreach y of varlist $outcome {
  2.         foreach i of num 1/9 { /* Loop over topic combinations */
  3.                 if "`i'"=="1" { /* speechK=50 articleK=30 */
  4.                         global topictype speech_50K* quote_50K* article_30K*
  5.                         local topictype topic`i'
  6.                 }
  7.                 else if "`i'"=="2" { /* speechK=50 articleK=40 */
  8.                         global topictype speech_50K* quote_50K* article_40K*
  9.                         local topictype topic`i'
 10.                 }
 11.                 else if "`i'"=="3" { /* speechK=50 articleK=50 */
 12.                         global topictype speech_50K* quote_50K* article_50K*
 13.                         local topictype topic`i'
 14.                 }
 15.                 else if "`i'"=="4" { /* speechK=92 articleK=30 */
 16.                         global topictype speech_92K* quote_92K* article_30K*
 17.                         local topictype topic`i'
 18.                 }
 19.                 else if "`i'"=="5" { /* speechK=92 articleK=40 */
 20.                         global topictype speech_92K* quote_92K* article_40K*
 21.                         local topictype topic`i'
 22.                 }
 23.                 else if "`i'"=="6" { /* speechK=92 articleK=50 */
 24.                         global topictype speech_92K* quote_92K* article_50K*
 25.                         local topictype topic`i'
 26.                 }
 27.                 else if "`i'"=="7" { /* speechK=100 articleK=30 */
 28.                         global topictype speech_100K* quote_100K* article_30K*
 29.                         local topictype topic`i'
 30.                 }
 31.                 else if "`i'"=="8" { /* speechK=100 articleK=30 */
 32.                         global topictype speech_100K* quote_100K* article_40K*
 33.                         local topictype topic`i'
 34.                 }
 35.                 else if "`i'"=="9" { /* speechK=100 articleK=30 */
 36.                         global topictype speech_100K* quote_100K* article_50K*
 37.                         local topictype topic`i'
 38.                 }
 39.                 * (1) Main spec, in terms of covariates
.                 qui reg `y' $time $length_s $topictype $ind $article ($portfolio)##i.rank opposition, vce(cluster article_id)
 40.                 specchart  opposition,spec(`y' time length `topictype' ind article portfolio rank portfoliorank) file(`SAVEPATH')               
 41. 
.                 * (2) No Ind controls
.                 qui reg `y' $time $length_s $topictype $article ($portfolio)##i.rank opposition, vce(cluster article_id)
 42.                 specchart  opposition,spec(`y' time length `topictype' article portfolio rank portfoliorank) file(`SAVEPATH')           
 43. 
.                 * (3) No length controls
.                 qui reg `y' $time $topictype $ind $article ($portfolio)##i.rank opposition, vce(cluster article_id)
 44.                 specchart  opposition,spec(`y' time `topictype' ind article portfolio rank portfoliorank) file(`SAVEPATH')              
 45. 
.                 * (4) No article controls
.                 qui reg `y' $time $length_s $topictype $ind ($portfolio)##i.rank opposition, vce(cluster article_id)
 46.                 specchart  opposition,spec(`y' time length `topictype' ind portfolio rank portfoliorank) file(`SAVEPATH')               
 47. 
.                 * (5) No portfolio
.                 qui reg `y' $time $length_s $topictype $ind $article i.rank opposition, vce(cluster article_id)
 48.                 specchart  opposition,spec(`y' time length `topictype' ind article rank) file(`SAVEPATH')               
 49. 
.                 * (6) No Rank
.                 qui reg `y' $time $length_s $topictype $ind $article $portfolio opposition, vce(cluster article_id)
 50.                 specchart  opposition,spec(`y' time length `topictype' ind article portfolio) file(`SAVEPATH')  
 51. 
.                 * (7) No portfolio + rank interaction
.                 qui reg `y' $time $length_s $topictype $ind $article $portfolio i.rank opposition, vce(cluster article_id)
 52.                 specchart  opposition,spec(`y' time length `topictype' ind article portfolio rank) file(`SAVEPATH')     
 53. 
.                 * (8) + electoral
.                 qui reg `y' $time $length_s $topictype $ind $article ($portfolio)##i.rank opposition $electoral, vce(cluster article_id)
 54.                 specchart  opposition,spec(`y' time length `topictype' ind article portfolio rank portfoliorank elec) file(`SAVEPATH')          
 55.         }
 56. }
(note: file C:\Users\Admin\AppData\Local\Temp\ST_1e000001.tmp not found)
file C:\Users\Admin\AppData\Local\Temp\ST_1e000001.tmp saved
obs was 1, now 2
(1 real change made)
(1 real change made)
(1 real change made)
(1 real change made)
(1 real change made)
(1 real change made)
(1 real change made)
file ./figureD2/specest-semantic.dta saved
(note: file C:\Users\Admin\AppData\Local\Temp\ST_1e000001.tmp not found)
file C:\Users\Admin\AppData\Local\Temp\ST_1e000001.tmp saved
obs was 2, now 3
(1 real change made)
(1 real change made)
(1 real change made)
(1 real change made)
(1 real change made)
(1 real change made)
(1 real change made)
file ./figureD2/specest-semantic.dta saved
(note: file C:\Users\Admin\AppData\Local\Temp\ST_1e000001.tmp not found)
file C:\Users\Admin\AppData\Local\Temp\ST_1e000001.tmp saved
obs was 3, now 4
(1 real change made)
(1 real change made)
(1 real change made)
(1 real change made)
(1 real change made)
(1 real change made)
(1 real change made)
file ./figureD2/specest-semantic.dta saved
(note: file C:\Users\Admin\AppData\Local\Temp\ST_1e000001.tmp not found)
file C:\Users\Admin\AppData\Local\Temp\ST_1e000001.tmp saved
obs was 4, now 5
(1 real change made)
(1 real change made)
(1 real change made)
(1 real change made)
(1 real change made)
(1 real change made)
(1 real change made)
file ./figureD2/specest-semantic.dta saved
(note: file C:\Users\Admin\AppData\Local\Temp\ST_1e000001.tmp not found)
file C:\Users\Admin\AppData\Local\Temp\ST_1e000001.tmp saved
obs was 5, now 6
(1 real change made)
(1 real change made)
(1 real change made)
(1 real change made)
(1 real change made)
(1 real change made)
(1 real change made)
file ./figureD2/specest-semantic.dta saved
(note: file C:\Users\Admin\AppData\Local\Temp\ST_1e000001.tmp not found)
file C:\Users\Admin\AppData\Local\Temp\ST_1e000001.tmp saved
obs was 6, now 7
(1 real change made)
(1 real change made)
(1 real change made)
(1 real change made)
(1 real change made)
(1 real change made)
(1 real change made)
file ./figureD2/specest-semantic.dta saved
(note: file C:\Users\Admin\AppData\Local\Temp\ST_1e000001.tmp not found)
file C:\Users\Admin\AppData\Local\Temp\ST_1e000001.tmp saved
obs was 7, now 8
(1 real change made)
(1 real change made)
(1 real change made)
(1 real change made)
(1 real change made)
(1 real change made)
(1 real change made)
file ./figureD2/specest-semantic.dta saved
(note: file C:\Users\Admin\AppData\Local\Temp\ST_1e000001.tmp not found)
file C:\Users\Admin\AppData\Local\Temp\ST_1e000001.tmp saved
obs was 8, now 9
(1 real change made)
(1 real change made)
(1 real change made)
(1 real change made)
(1 real change made)
(1 real change made)
(1 real change made)
file ./figureD2/specest-semantic.dta saved
(note: file C:\Users\Admin\AppData\Local\Temp\ST_1e000001.tmp not found)
file C:\Users\Admin\AppData\Local\Temp\ST_1e000001.tmp saved
obs was 9, now 10
(1 real change made)
(1 real change made)
(1 real change made)
(1 real change made)
(1 real change made)
(1 real change made)
(1 real change made)
file ./figureD2/specest-semantic.dta saved
(note: file C:\Users\Admin\AppData\Local\Temp\ST_1e000001.tmp not found)
file C:\Users\Admin\AppData\Local\Temp\ST_1e000001.tmp saved
obs was 10, now 11
(1 real change made)
(1 real change made)
(1 real change made)
(1 real change made)
(1 real change made)
(1 real change made)
(1 real change made)
file ./figureD2/specest-semantic.dta saved
(note: file C:\Users\Admin\AppData\Local\Temp\ST_1e000001.tmp not found)
file C:\Users\Admin\AppData\Local\Temp\ST_1e000001.tmp saved
obs was 11, now 12
(1 real change made)
(1 real change made)
(1 real change made)
(1 real change made)
(1 real change made)
(1 real change made)
(1 real change made)
file ./figureD2/specest-semantic.dta saved
(note: file C:\Users\Admin\AppData\Local\Temp\ST_1e000001.tmp not found)
file C:\Users\Admin\AppData\Local\Temp\ST_1e000001.tmp saved
obs was 12, now 13
(1 real change made)
(1 real change made)
(1 real change made)
(1 real change made)
(1 real change made)
(1 real change made)
(1 real change made)
file ./figureD2/specest-semantic.dta saved
(note: file C:\Users\Admin\AppData\Local\Temp\ST_1e000001.tmp not found)
file C:\Users\Admin\AppData\Local\Temp\ST_1e000001.tmp saved
obs was 13, now 14
(1 real change made)
(1 real change made)
(1 real change made)
(1 real change made)
(1 real change made)
(1 real change made)
(1 real change made)
file ./figureD2/specest-semantic.dta saved
(note: file C:\Users\Admin\AppData\Local\Temp\ST_1e000001.tmp not found)
file C:\Users\Admin\AppData\Local\Temp\ST_1e000001.tmp saved
obs was 14, now 15
(1 real change made)
(1 real change made)
(1 real change made)
(1 real change made)
(1 real change made)
(1 real change made)
(1 real change made)
file ./figureD2/specest-semantic.dta saved
(note: file C:\Users\Admin\AppData\Local\Temp\ST_1e000001.tmp not found)
file C:\Users\Admin\AppData\Local\Temp\ST_1e000001.tmp saved
obs was 15, now 16
(1 real change made)
(1 real change made)
(1 real change made)
(1 real change made)
(1 real change made)
(1 real change made)
(1 real change made)
file ./figureD2/specest-semantic.dta saved
(note: file C:\Users\Admin\AppData\Local\Temp\ST_1e000001.tmp not found)
file C:\Users\Admin\AppData\Local\Temp\ST_1e000001.tmp saved
obs was 16, now 17
(1 real change made)
(1 real change made)
(1 real change made)
(1 real change made)
(1 real change made)
(1 real change made)
(1 real change made)
file ./figureD2/specest-semantic.dta saved
(note: file C:\Users\Admin\AppData\Local\Temp\ST_1e000001.tmp not found)
file C:\Users\Admin\AppData\Local\Temp\ST_1e000001.tmp saved
obs was 17, now 18
(1 real change made)
(1 real change made)
(1 real change made)
(1 real change made)
(1 real change made)
(1 real change made)
(1 real change made)
file ./figureD2/specest-semantic.dta saved
(note: file C:\Users\Admin\AppData\Local\Temp\ST_1e000001.tmp not found)
file C:\Users\Admin\AppData\Local\Temp\ST_1e000001.tmp saved
obs was 18, now 19
(1 real change made)
(1 real change made)
(1 real change made)
(1 real change made)
(1 real change made)
(1 real change made)
(1 real change made)
file ./figureD2/specest-semantic.dta saved
(note: file C:\Users\Admin\AppData\Local\Temp\ST_1e000001.tmp not found)
file C:\Users\Admin\AppData\Local\Temp\ST_1e000001.tmp saved
obs was 19, now 20
(1 real change made)
(1 real change made)
(1 real change made)
(1 real change made)
(1 real change made)
(1 real change made)
(1 real change made)
file ./figureD2/specest-semantic.dta saved
(note: file C:\Users\Admin\AppData\Local\Temp\ST_1e000001.tmp not found)
file C:\Users\Admin\AppData\Local\Temp\ST_1e000001.tmp saved
obs was 20, now 21
(1 real change made)
(1 real change made)
(1 real change made)
(1 real change made)
(1 real change made)
(1 real change made)
(1 real change made)
file ./figureD2/specest-semantic.dta saved
(note: file C:\Users\Admin\AppData\Local\Temp\ST_1e000001.tmp not found)
file C:\Users\Admin\AppData\Local\Temp\ST_1e000001.tmp saved
obs was 21, now 22
(1 real change made)
(1 real change made)
(1 real change made)
(1 real change made)
(1 real change made)
(1 real change made)
(1 real change made)
file ./figureD2/specest-semantic.dta saved
(note: file C:\Users\Admin\AppData\Local\Temp\ST_1e000001.tmp not found)
file C:\Users\Admin\AppData\Local\Temp\ST_1e000001.tmp saved
obs was 22, now 23
(1 real change made)
(1 real change made)
(1 real change made)
(1 real change made)
(1 real change made)
(1 real change made)
(1 real change made)
file ./figureD2/specest-semantic.dta saved
(note: file C:\Users\Admin\AppData\Local\Temp\ST_1e000001.tmp not found)
file C:\Users\Admin\AppData\Local\Temp\ST_1e000001.tmp saved
obs was 23, now 24
(1 real change made)
(1 real change made)
(1 real change made)
(1 real change made)
(1 real change made)
(1 real change made)
(1 real change made)
file ./figureD2/specest-semantic.dta saved
(note: file C:\Users\Admin\AppData\Local\Temp\ST_1e000001.tmp not found)
file C:\Users\Admin\AppData\Local\Temp\ST_1e000001.tmp saved
obs was 24, now 25
(1 real change made)
(1 real change made)
(1 real change made)
(1 real change made)
(1 real change made)
(1 real change made)
(1 real change made)
file ./figureD2/specest-semantic.dta saved
(note: file C:\Users\Admin\AppData\Local\Temp\ST_1e000001.tmp not found)
file C:\Users\Admin\AppData\Local\Temp\ST_1e000001.tmp saved
obs was 25, now 26
(1 real change made)
(1 real change made)
(1 real change made)
(1 real change made)
(1 real change made)
(1 real change made)
(1 real change made)
file ./figureD2/specest-semantic.dta saved
(note: file C:\Users\Admin\AppData\Local\Temp\ST_1e000001.tmp not found)
file C:\Users\Admin\AppData\Local\Temp\ST_1e000001.tmp saved
obs was 26, now 27
(1 real change made)
(1 real change made)
(1 real change made)
(1 real change made)
(1 real change made)
(1 real change made)
(1 real change made)
file ./figureD2/specest-semantic.dta saved
(note: file C:\Users\Admin\AppData\Local\Temp\ST_1e000001.tmp not found)
file C:\Users\Admin\AppData\Local\Temp\ST_1e000001.tmp saved
obs was 27, now 28
(1 real change made)
(1 real change made)
(1 real change made)
(1 real change made)
(1 real change made)
(1 real change made)
(1 real change made)
file ./figureD2/specest-semantic.dta saved
(note: file C:\Users\Admin\AppData\Local\Temp\ST_1e000001.tmp not found)
file C:\Users\Admin\AppData\Local\Temp\ST_1e000001.tmp saved
obs was 28, now 29
(1 real change made)
(1 real change made)
(1 real change made)
(1 real change made)
(1 real change made)
(1 real change made)
(1 real change made)
file ./figureD2/specest-semantic.dta saved
(note: file C:\Users\Admin\AppData\Local\Temp\ST_1e000001.tmp not found)
file C:\Users\Admin\AppData\Local\Temp\ST_1e000001.tmp saved
obs was 29, now 30
(1 real change made)
(1 real change made)
(1 real change made)
(1 real change made)
(1 real change made)
(1 real change made)
(1 real change made)
file ./figureD2/specest-semantic.dta saved
(note: file C:\Users\Admin\AppData\Local\Temp\ST_1e000001.tmp not found)
file C:\Users\Admin\AppData\Local\Temp\ST_1e000001.tmp saved
obs was 30, now 31
(1 real change made)
(1 real change made)
(1 real change made)
(1 real change made)
(1 real change made)
(1 real change made)
(1 real change made)
file ./figureD2/specest-semantic.dta saved
(note: file C:\Users\Admin\AppData\Local\Temp\ST_1e000001.tmp not found)
file C:\Users\Admin\AppData\Local\Temp\ST_1e000001.tmp saved
obs was 31, now 32
(1 real change made)
(1 real change made)
(1 real change made)
(1 real change made)
(1 real change made)
(1 real change made)
(1 real change made)
file ./figureD2/specest-semantic.dta saved
(note: file C:\Users\Admin\AppData\Local\Temp\ST_1e000001.tmp not found)
file C:\Users\Admin\AppData\Local\Temp\ST_1e000001.tmp saved
obs was 32, now 33
(1 real change made)
(1 real change made)
(1 real change made)
(1 real change made)
(1 real change made)
(1 real change made)
(1 real change made)
file ./figureD2/specest-semantic.dta saved
(note: file C:\Users\Admin\AppData\Local\Temp\ST_1e000001.tmp not found)
file C:\Users\Admin\AppData\Local\Temp\ST_1e000001.tmp saved
obs was 33, now 34
(1 real change made)
(1 real change made)
(1 real change made)
(1 real change made)
(1 real change made)
(1 real change made)
(1 real change made)
file ./figureD2/specest-semantic.dta saved
(note: file C:\Users\Admin\AppData\Local\Temp\ST_1e000001.tmp not found)
file C:\Users\Admin\AppData\Local\Temp\ST_1e000001.tmp saved
obs was 34, now 35
(1 real change made)
(1 real change made)
(1 real change made)
(1 real change made)
(1 real change made)
(1 real change made)
(1 real change made)
file ./figureD2/specest-semantic.dta saved
(note: file C:\Users\Admin\AppData\Local\Temp\ST_1e000001.tmp not found)
file C:\Users\Admin\AppData\Local\Temp\ST_1e000001.tmp saved
obs was 35, now 36
(1 real change made)
(1 real change made)
(1 real change made)
(1 real change made)
(1 real change made)
(1 real change made)
(1 real change made)
file ./figureD2/specest-semantic.dta saved
(note: file C:\Users\Admin\AppData\Local\Temp\ST_1e000001.tmp not found)
file C:\Users\Admin\AppData\Local\Temp\ST_1e000001.tmp saved
obs was 36, now 37
(1 real change made)
(1 real change made)
(1 real change made)
(1 real change made)
(1 real change made)
(1 real change made)
(1 real change made)
file ./figureD2/specest-semantic.dta saved
(note: file C:\Users\Admin\AppData\Local\Temp\ST_1e000001.tmp not found)
file C:\Users\Admin\AppData\Local\Temp\ST_1e000001.tmp saved
obs was 37, now 38
(1 real change made)
(1 real change made)
(1 real change made)
(1 real change made)
(1 real change made)
(1 real change made)
(1 real change made)
file ./figureD2/specest-semantic.dta saved
(note: file C:\Users\Admin\AppData\Local\Temp\ST_1e000001.tmp not found)
file C:\Users\Admin\AppData\Local\Temp\ST_1e000001.tmp saved
obs was 38, now 39
(1 real change made)
(1 real change made)
(1 real change made)
(1 real change made)
(1 real change made)
(1 real change made)
(1 real change made)
file ./figureD2/specest-semantic.dta saved
(note: file C:\Users\Admin\AppData\Local\Temp\ST_1e000001.tmp not found)
file C:\Users\Admin\AppData\Local\Temp\ST_1e000001.tmp saved
obs was 39, now 40
(1 real change made)
(1 real change made)
(1 real change made)
(1 real change made)
(1 real change made)
(1 real change made)
(1 real change made)
file ./figureD2/specest-semantic.dta saved
(note: file C:\Users\Admin\AppData\Local\Temp\ST_1e000001.tmp not found)
file C:\Users\Admin\AppData\Local\Temp\ST_1e000001.tmp saved
obs was 40, now 41
(1 real change made)
(1 real change made)
(1 real change made)
(1 real change made)
(1 real change made)
(1 real change made)
(1 real change made)
file ./figureD2/specest-semantic.dta saved
(note: file C:\Users\Admin\AppData\Local\Temp\ST_1e000001.tmp not found)
file C:\Users\Admin\AppData\Local\Temp\ST_1e000001.tmp saved
obs was 41, now 42
(1 real change made)
(1 real change made)
(1 real change made)
(1 real change made)
(1 real change made)
(1 real change made)
(1 real change made)
file ./figureD2/specest-semantic.dta saved
(note: file C:\Users\Admin\AppData\Local\Temp\ST_1e000001.tmp not found)
file C:\Users\Admin\AppData\Local\Temp\ST_1e000001.tmp saved
obs was 42, now 43
(1 real change made)
(1 real change made)
(1 real change made)
(1 real change made)
(1 real change made)
(1 real change made)
(1 real change made)
file ./figureD2/specest-semantic.dta saved
(note: file C:\Users\Admin\AppData\Local\Temp\ST_1e000001.tmp not found)
file C:\Users\Admin\AppData\Local\Temp\ST_1e000001.tmp saved
obs was 43, now 44
(1 real change made)
(1 real change made)
(1 real change made)
(1 real change made)
(1 real change made)
(1 real change made)
(1 real change made)
file ./figureD2/specest-semantic.dta saved
(note: file C:\Users\Admin\AppData\Local\Temp\ST_1e000001.tmp not found)
file C:\Users\Admin\AppData\Local\Temp\ST_1e000001.tmp saved
obs was 44, now 45
(1 real change made)
(1 real change made)
(1 real change made)
(1 real change made)
(1 real change made)
(1 real change made)
(1 real change made)
file ./figureD2/specest-semantic.dta saved
(note: file C:\Users\Admin\AppData\Local\Temp\ST_1e000001.tmp not found)
file C:\Users\Admin\AppData\Local\Temp\ST_1e000001.tmp saved
obs was 45, now 46
(1 real change made)
(1 real change made)
(1 real change made)
(1 real change made)
(1 real change made)
(1 real change made)
(1 real change made)
file ./figureD2/specest-semantic.dta saved
(note: file C:\Users\Admin\AppData\Local\Temp\ST_1e000001.tmp not found)
file C:\Users\Admin\AppData\Local\Temp\ST_1e000001.tmp saved
obs was 46, now 47
(1 real change made)
(1 real change made)
(1 real change made)
(1 real change made)
(1 real change made)
(1 real change made)
(1 real change made)
file ./figureD2/specest-semantic.dta saved
(note: file C:\Users\Admin\AppData\Local\Temp\ST_1e000001.tmp not found)
file C:\Users\Admin\AppData\Local\Temp\ST_1e000001.tmp saved
obs was 47, now 48
(1 real change made)
(1 real change made)
(1 real change made)
(1 real change made)
(1 real change made)
(1 real change made)
(1 real change made)
file ./figureD2/specest-semantic.dta saved
(note: file C:\Users\Admin\AppData\Local\Temp\ST_1e000001.tmp not found)
file C:\Users\Admin\AppData\Local\Temp\ST_1e000001.tmp saved
obs was 48, now 49
(1 real change made)
(1 real change made)
(1 real change made)
(1 real change made)
(1 real change made)
(1 real change made)
(1 real change made)
file ./figureD2/specest-semantic.dta saved
(note: file C:\Users\Admin\AppData\Local\Temp\ST_1e000001.tmp not found)
file C:\Users\Admin\AppData\Local\Temp\ST_1e000001.tmp saved
obs was 49, now 50
(1 real change made)
(1 real change made)
(1 real change made)
(1 real change made)
(1 real change made)
(1 real change made)
(1 real change made)
file ./figureD2/specest-semantic.dta saved
(note: file C:\Users\Admin\AppData\Local\Temp\ST_1e000001.tmp not found)
file C:\Users\Admin\AppData\Local\Temp\ST_1e000001.tmp saved
obs was 50, now 51
(1 real change made)
(1 real change made)
(1 real change made)
(1 real change made)
(1 real change made)
(1 real change made)
(1 real change made)
file ./figureD2/specest-semantic.dta saved
(note: file C:\Users\Admin\AppData\Local\Temp\ST_1e000001.tmp not found)
file C:\Users\Admin\AppData\Local\Temp\ST_1e000001.tmp saved
obs was 51, now 52
(1 real change made)
(1 real change made)
(1 real change made)
(1 real change made)
(1 real change made)
(1 real change made)
(1 real change made)
file ./figureD2/specest-semantic.dta saved
(note: file C:\Users\Admin\AppData\Local\Temp\ST_1e000001.tmp not found)
file C:\Users\Admin\AppData\Local\Temp\ST_1e000001.tmp saved
obs was 52, now 53
(1 real change made)
(1 real change made)
(1 real change made)
(1 real change made)
(1 real change made)
(1 real change made)
(1 real change made)
file ./figureD2/specest-semantic.dta saved
(note: file C:\Users\Admin\AppData\Local\Temp\ST_1e000001.tmp not found)
file C:\Users\Admin\AppData\Local\Temp\ST_1e000001.tmp saved
obs was 53, now 54
(1 real change made)
(1 real change made)
(1 real change made)
(1 real change made)
(1 real change made)
(1 real change made)
(1 real change made)
file ./figureD2/specest-semantic.dta saved
(note: file C:\Users\Admin\AppData\Local\Temp\ST_1e000001.tmp not found)
file C:\Users\Admin\AppData\Local\Temp\ST_1e000001.tmp saved
obs was 54, now 55
(1 real change made)
(1 real change made)
(1 real change made)
(1 real change made)
(1 real change made)
(1 real change made)
(1 real change made)
file ./figureD2/specest-semantic.dta saved
(note: file C:\Users\Admin\AppData\Local\Temp\ST_1e000001.tmp not found)
file C:\Users\Admin\AppData\Local\Temp\ST_1e000001.tmp saved
obs was 55, now 56
(1 real change made)
(1 real change made)
(1 real change made)
(1 real change made)
(1 real change made)
(1 real change made)
(1 real change made)
file ./figureD2/specest-semantic.dta saved
(note: file C:\Users\Admin\AppData\Local\Temp\ST_1e000001.tmp not found)
file C:\Users\Admin\AppData\Local\Temp\ST_1e000001.tmp saved
obs was 56, now 57
(1 real change made)
(1 real change made)
(1 real change made)
(1 real change made)
(1 real change made)
(1 real change made)
(1 real change made)
file ./figureD2/specest-semantic.dta saved
(note: file C:\Users\Admin\AppData\Local\Temp\ST_1e000001.tmp not found)
file C:\Users\Admin\AppData\Local\Temp\ST_1e000001.tmp saved
obs was 57, now 58
(1 real change made)
(1 real change made)
(1 real change made)
(1 real change made)
(1 real change made)
(1 real change made)
(1 real change made)
file ./figureD2/specest-semantic.dta saved
(note: file C:\Users\Admin\AppData\Local\Temp\ST_1e000001.tmp not found)
file C:\Users\Admin\AppData\Local\Temp\ST_1e000001.tmp saved
obs was 58, now 59
(1 real change made)
(1 real change made)
(1 real change made)
(1 real change made)
(1 real change made)
(1 real change made)
(1 real change made)
file ./figureD2/specest-semantic.dta saved
(note: file C:\Users\Admin\AppData\Local\Temp\ST_1e000001.tmp not found)
file C:\Users\Admin\AppData\Local\Temp\ST_1e000001.tmp saved
obs was 59, now 60
(1 real change made)
(1 real change made)
(1 real change made)
(1 real change made)
(1 real change made)
(1 real change made)
(1 real change made)
file ./figureD2/specest-semantic.dta saved
(note: file C:\Users\Admin\AppData\Local\Temp\ST_1e000001.tmp not found)
file C:\Users\Admin\AppData\Local\Temp\ST_1e000001.tmp saved
obs was 60, now 61
(1 real change made)
(1 real change made)
(1 real change made)
(1 real change made)
(1 real change made)
(1 real change made)
(1 real change made)
file ./figureD2/specest-semantic.dta saved
(note: file C:\Users\Admin\AppData\Local\Temp\ST_1e000001.tmp not found)
file C:\Users\Admin\AppData\Local\Temp\ST_1e000001.tmp saved
obs was 61, now 62
(1 real change made)
(1 real change made)
(1 real change made)
(1 real change made)
(1 real change made)
(1 real change made)
(1 real change made)
file ./figureD2/specest-semantic.dta saved
(note: file C:\Users\Admin\AppData\Local\Temp\ST_1e000001.tmp not found)
file C:\Users\Admin\AppData\Local\Temp\ST_1e000001.tmp saved
obs was 62, now 63
(1 real change made)
(1 real change made)
(1 real change made)
(1 real change made)
(1 real change made)
(1 real change made)
(1 real change made)
file ./figureD2/specest-semantic.dta saved
(note: file C:\Users\Admin\AppData\Local\Temp\ST_1e000001.tmp not found)
file C:\Users\Admin\AppData\Local\Temp\ST_1e000001.tmp saved
obs was 63, now 64
(1 real change made)
(1 real change made)
(1 real change made)
(1 real change made)
(1 real change made)
(1 real change made)
(1 real change made)
file ./figureD2/specest-semantic.dta saved
(note: file C:\Users\Admin\AppData\Local\Temp\ST_1e000001.tmp not found)
file C:\Users\Admin\AppData\Local\Temp\ST_1e000001.tmp saved
obs was 64, now 65
(1 real change made)
(1 real change made)
(1 real change made)
(1 real change made)
(1 real change made)
(1 real change made)
(1 real change made)
file ./figureD2/specest-semantic.dta saved
(note: file C:\Users\Admin\AppData\Local\Temp\ST_1e000001.tmp not found)
file C:\Users\Admin\AppData\Local\Temp\ST_1e000001.tmp saved
obs was 65, now 66
(1 real change made)
(1 real change made)
(1 real change made)
(1 real change made)
(1 real change made)
(1 real change made)
(1 real change made)
file ./figureD2/specest-semantic.dta saved
(note: file C:\Users\Admin\AppData\Local\Temp\ST_1e000001.tmp not found)
file C:\Users\Admin\AppData\Local\Temp\ST_1e000001.tmp saved
obs was 66, now 67
(1 real change made)
(1 real change made)
(1 real change made)
(1 real change made)
(1 real change made)
(1 real change made)
(1 real change made)
file ./figureD2/specest-semantic.dta saved
(note: file C:\Users\Admin\AppData\Local\Temp\ST_1e000001.tmp not found)
file C:\Users\Admin\AppData\Local\Temp\ST_1e000001.tmp saved
obs was 67, now 68
(1 real change made)
(1 real change made)
(1 real change made)
(1 real change made)
(1 real change made)
(1 real change made)
(1 real change made)
file ./figureD2/specest-semantic.dta saved
(note: file C:\Users\Admin\AppData\Local\Temp\ST_1e000001.tmp not found)
file C:\Users\Admin\AppData\Local\Temp\ST_1e000001.tmp saved
obs was 68, now 69
(1 real change made)
(1 real change made)
(1 real change made)
(1 real change made)
(1 real change made)
(1 real change made)
(1 real change made)
file ./figureD2/specest-semantic.dta saved
(note: file C:\Users\Admin\AppData\Local\Temp\ST_1e000001.tmp not found)
file C:\Users\Admin\AppData\Local\Temp\ST_1e000001.tmp saved
obs was 69, now 70
(1 real change made)
(1 real change made)
(1 real change made)
(1 real change made)
(1 real change made)
(1 real change made)
(1 real change made)
file ./figureD2/specest-semantic.dta saved
(note: file C:\Users\Admin\AppData\Local\Temp\ST_1e000001.tmp not found)
file C:\Users\Admin\AppData\Local\Temp\ST_1e000001.tmp saved
obs was 70, now 71
(1 real change made)
(1 real change made)
(1 real change made)
(1 real change made)
(1 real change made)
(1 real change made)
(1 real change made)
file ./figureD2/specest-semantic.dta saved
(note: file C:\Users\Admin\AppData\Local\Temp\ST_1e000001.tmp not found)
file C:\Users\Admin\AppData\Local\Temp\ST_1e000001.tmp saved
obs was 71, now 72
(1 real change made)
(1 real change made)
(1 real change made)
(1 real change made)
(1 real change made)
(1 real change made)
(1 real change made)
file ./figureD2/specest-semantic.dta saved
(note: file C:\Users\Admin\AppData\Local\Temp\ST_1e000001.tmp not found)
file C:\Users\Admin\AppData\Local\Temp\ST_1e000001.tmp saved
obs was 72, now 73
(1 real change made)
(1 real change made)
(1 real change made)
(1 real change made)
(1 real change made)
(1 real change made)
(1 real change made)
file ./figureD2/specest-semantic.dta saved

. 
. tictoc toc 1
------------------------------------------------------------------------------------------------------------------------------------------------------
----------- Time log -----------
Start time:  2 Dec 2025 12:27:08
End time:  2 Dec 2025 12:29:36
Elapsed seconds:       147
Elapsed minutes:         2
Elapsed hours:       .04
------------------------------------------------------------------------------------------------------------------------------------------------------

. beepme 3

. log close
      name:  <unnamed>
       log:  \\wsl.localhost\Debian\home\lsys\neutrality\analysis\logs/figureD2-estimates.smcl
  log type:  smcl
 closed on:   2 Dec 2025, 12:29:39
------------------------------------------------------------------------------------------------------------------------------------------------------
